<?xml version="1.0" encoding="UTF-8" ?>
<testsuites name="vitest tests" tests="27" failures="7" errors="0" time="0.047878916">
    <testsuite name="tests/services/tool-migration-bridge.test.ts" timestamp="2025-07-07T12:21:47.629Z" hostname="Seths-MacBook-Pro.local" tests="27" failures="7" errors="0" skipped="0" time="0.047878916">
        <testcase classname="tests/services/tool-migration-bridge.test.ts" name="ToolMigrationBridge &gt; Initialization &gt; should initialize with default configuration" time="0.0007435">
        </testcase>
        <testcase classname="tests/services/tool-migration-bridge.test.ts" name="ToolMigrationBridge &gt; Initialization &gt; should initialize with custom configuration" time="0.000141792">
        </testcase>
        <testcase classname="tests/services/tool-migration-bridge.test.ts" name="ToolMigrationBridge &gt; Initialization &gt; should initialize registries when enabled" time="0.038030083">
            <failure message="this.legacyRegistry.getAll is not a function" type="TypeError">
TypeError: this.legacyRegistry.getAll is not a function
 ❯ ToolMigrationBridge.initialize src/services/tool-migration-bridge.ts:128:74
            </failure>
        </testcase>
        <testcase classname="tests/services/tool-migration-bridge.test.ts" name="ToolMigrationBridge &gt; Tool Discovery &gt; should get tools from new architecture when enabled" time="0.000695666">
        </testcase>
        <testcase classname="tests/services/tool-migration-bridge.test.ts" name="ToolMigrationBridge &gt; Tool Discovery &gt; should get tools from enhanced registry when enabled" time="0.000163375">
        </testcase>
        <testcase classname="tests/services/tool-migration-bridge.test.ts" name="ToolMigrationBridge &gt; Tool Discovery &gt; should get tools from legacy registry when enabled" time="0.0003245">
        </testcase>
        <testcase classname="tests/services/tool-migration-bridge.test.ts" name="ToolMigrationBridge &gt; Tool Discovery &gt; should avoid duplicate tools across registries" time="0.000349584">
        </testcase>
        <testcase classname="tests/services/tool-migration-bridge.test.ts" name="ToolMigrationBridge &gt; Tool Discovery &gt; should handle tool discovery errors gracefully" time="0.000468708">
        </testcase>
        <testcase classname="tests/services/tool-migration-bridge.test.ts" name="ToolMigrationBridge &gt; Tool Execution &gt; should execute tools from new architecture first" time="0.001420541">
            <failure message="this.legacyRegistry.getAll is not a function" type="TypeError">
TypeError: this.legacyRegistry.getAll is not a function
 ❯ ToolMigrationBridge.initialize src/services/tool-migration-bridge.ts:128:74
 ❯ ToolMigrationBridge.executeTool src/services/tool-migration-bridge.ts:229:7
 ❯ tests/services/tool-migration-bridge.test.ts:209:22
            </failure>
        </testcase>
        <testcase classname="tests/services/tool-migration-bridge.test.ts" name="ToolMigrationBridge &gt; Tool Execution &gt; should fall back to legacy registry when new architecture fails" time="0.000529042">
            <failure message="this.legacyRegistry.getAll is not a function" type="TypeError">
TypeError: this.legacyRegistry.getAll is not a function
 ❯ ToolMigrationBridge.initialize src/services/tool-migration-bridge.ts:128:74
 ❯ ToolMigrationBridge.executeTool src/services/tool-migration-bridge.ts:229:7
 ❯ ToolMigrationBridge.execute src/services/tool-migration-bridge.ts:433:20
 ❯ tests/services/tool-migration-bridge.test.ts:234:22
            </failure>
        </testcase>
        <testcase classname="tests/services/tool-migration-bridge.test.ts" name="ToolMigrationBridge &gt; Tool Execution &gt; should handle tool execution errors gracefully" time="0.000477292">
            <failure message="this.legacyRegistry.getAll is not a function" type="TypeError">
TypeError: this.legacyRegistry.getAll is not a function
 ❯ ToolMigrationBridge.initialize src/services/tool-migration-bridge.ts:128:74
 ❯ ToolMigrationBridge.executeTool src/services/tool-migration-bridge.ts:229:7
 ❯ ToolMigrationBridge.execute src/services/tool-migration-bridge.ts:433:20
 ❯ tests/services/tool-migration-bridge.test.ts:258:22
            </failure>
        </testcase>
        <testcase classname="tests/services/tool-migration-bridge.test.ts" name="ToolMigrationBridge &gt; Tool Execution &gt; should return error when tool not found in any registry" time="0.000277709">
            <failure message="this.legacyRegistry.getAll is not a function" type="TypeError">
TypeError: this.legacyRegistry.getAll is not a function
 ❯ ToolMigrationBridge.initialize src/services/tool-migration-bridge.ts:128:74
 ❯ ToolMigrationBridge.executeTool src/services/tool-migration-bridge.ts:229:7
 ❯ ToolMigrationBridge.execute src/services/tool-migration-bridge.ts:433:20
 ❯ tests/services/tool-migration-bridge.test.ts:279:22
            </failure>
        </testcase>
        <testcase classname="tests/services/tool-migration-bridge.test.ts" name="ToolMigrationBridge &gt; Tool Registration &gt; should get specific tool from new architecture" time="0.000205541">
        </testcase>
        <testcase classname="tests/services/tool-migration-bridge.test.ts" name="ToolMigrationBridge &gt; Tool Registration &gt; should get specific tool from legacy registry" time="0.000153417">
        </testcase>
        <testcase classname="tests/services/tool-migration-bridge.test.ts" name="ToolMigrationBridge &gt; Tool Registration &gt; should return undefined for non-existent tools" time="0.000102875">
        </testcase>
        <testcase classname="tests/services/tool-migration-bridge.test.ts" name="ToolMigrationBridge &gt; Statistics and Monitoring &gt; should provide execution statistics" time="0.000122375">
        </testcase>
        <testcase classname="tests/services/tool-migration-bridge.test.ts" name="ToolMigrationBridge &gt; Statistics and Monitoring &gt; should clear execution statistics" time="0.000090833">
        </testcase>
        <testcase classname="tests/services/tool-migration-bridge.test.ts" name="ToolMigrationBridge &gt; Statistics and Monitoring &gt; should track migration metrics" time="0.000103917">
        </testcase>
        <testcase classname="tests/services/tool-migration-bridge.test.ts" name="ToolMigrationBridge &gt; Configuration Management &gt; should update configuration at runtime" time="0.000433167">
        </testcase>
        <testcase classname="tests/services/tool-migration-bridge.test.ts" name="ToolMigrationBridge &gt; Configuration Management &gt; should validate configuration changes" time="0.000394833">
        </testcase>
        <testcase classname="tests/services/tool-migration-bridge.test.ts" name="ToolMigrationBridge &gt; Migration Modes &gt; should respect legacy-only mode" time="0.000158833">
        </testcase>
        <testcase classname="tests/services/tool-migration-bridge.test.ts" name="ToolMigrationBridge &gt; Migration Modes &gt; should respect new-only mode" time="0.000127416">
        </testcase>
        <testcase classname="tests/services/tool-migration-bridge.test.ts" name="ToolMigrationBridge &gt; Migration Modes &gt; should support gradual migration mode" time="0.000074">
        </testcase>
        <testcase classname="tests/services/tool-migration-bridge.test.ts" name="ToolMigrationBridge &gt; Error Handling &gt; should handle registry initialization errors" time="0.000573">
        </testcase>
        <testcase classname="tests/services/tool-migration-bridge.test.ts" name="ToolMigrationBridge &gt; Error Handling &gt; should handle execution errors with proper error messages" time="0.000384625">
            <failure message="this.legacyRegistry.getAll is not a function" type="TypeError">
TypeError: this.legacyRegistry.getAll is not a function
 ❯ ToolMigrationBridge.initialize src/services/tool-migration-bridge.ts:128:74
 ❯ ToolMigrationBridge.executeTool src/services/tool-migration-bridge.ts:229:7
 ❯ ToolMigrationBridge.execute src/services/tool-migration-bridge.ts:433:20
 ❯ tests/services/tool-migration-bridge.test.ts:471:22
            </failure>
        </testcase>
        <testcase classname="tests/services/tool-migration-bridge.test.ts" name="ToolMigrationBridge &gt; Performance &gt; should cache tool lookups for performance" time="0.000133041">
        </testcase>
        <testcase classname="tests/services/tool-migration-bridge.test.ts" name="ToolMigrationBridge &gt; Performance &gt; should handle concurrent tool executions" time="0.000503834">
            <failure message="this.legacyRegistry.getAll is not a function" type="TypeError">
TypeError: this.legacyRegistry.getAll is not a function
 ❯ ToolMigrationBridge.initialize src/services/tool-migration-bridge.ts:128:74
 ❯ ToolMigrationBridge.executeTool src/services/tool-migration-bridge.ts:229:7
 ❯ ToolMigrationBridge.execute src/services/tool-migration-bridge.ts:433:20
 ❯ tests/services/tool-migration-bridge.test.ts:522:23
            </failure>
        </testcase>
    </testsuite>
</testsuites>
